[2026-05-11 15:51:47,528] INFO - Connecting to RabbitMQ...
[2026-05-11 15:51:47,585] INFO - Declaring queue: order.created
[2026-05-11 15:51:47,596] INFO - ✅ Inventory consumer started, waiting for messages...
[2026-05-11 15:53:13,780] INFO - [SAGA:d4129c8a-3c9c-41db-8762-38becbed6ded] Processing order 18 with 1 items
[2026-05-11 15:53:13,788] INFO - [SAGA:d4129c8a-3c9c-41db-8762-38becbed6ded] Producto 5 (Gorra) has insufficient stock: 0
[2026-05-11 15:53:13,789] WARNING - [SAGA:d4129c8a-3c9c-41db-8762-38becbed6ded] RESERVE FAILED for order 18. Issues: [{'id': 5, 'reason': 'insufficient_stock', 'available': 0}]
[2026-05-11 15:53:13,896] INFO - [SAGA:d4129c8a-3c9c-41db-8762-38becbed6ded] Published inventory.reserve_failed
[2026-05-11 16:29:05,232] INFO - Connecting to RabbitMQ...
[2026-05-11 16:29:05,287] INFO - Declaring queue: order.created
[2026-05-11 16:29:05,295] INFO - ✅ Inventory consumer started, waiting for messages...
[2026-05-11 16:29:43,791] INFO - Connecting to RabbitMQ...
[2026-05-11 16:29:43,850] INFO - Declaring queue: order.created
[2026-05-11 16:29:43,861] INFO - ✅ Inventory consumer started, waiting for messages...
[2026-05-11 16:29:59,972] INFO - [SAGA:98f86cab-29c4-4502-a8aa-fd9657c22e39] Processing order 24 with 1 items
[2026-05-11 16:29:59,982] WARNING - [SAGA:98f86cab-29c4-4502-a8aa-fd9657c22e39] FAILURE INJECTION TRIGGERED for product 9
[2026-05-11 16:29:59,983] WARNING - [SAGA:98f86cab-29c4-4502-a8aa-fd9657c22e39] RESERVE FAILED for order 24. Issues: [{'id': 9, 'reason': 'testing_failure_injection', 'quantity_requested': 1}]
[2026-05-11 16:30:00,096] INFO - [SAGA:98f86cab-29c4-4502-a8aa-fd9657c22e39] Published inventory.reserve_failed
[2026-05-11 16:36:16,030] INFO - Connecting to RabbitMQ...
[2026-05-11 16:36:16,083] INFO - Declaring queue: order.created
[2026-05-11 16:36:16,094] INFO - ✅ Inventory consumer started, waiting for messages...
[2026-05-11 16:37:52,050] INFO - [SAGA:c8d5b082-1fe3-4ede-b566-562c83fa5cc0] Processing order 25 with 1 items
[2026-05-11 16:37:52,055] INFO - [SAGA:c8d5b082-1fe3-4ede-b566-562c83fa5cc0] Decremented stock for producto 1 (celular samsung a51): 3 -> 2 (qty 1)
[2026-05-11 16:37:52,058] INFO - [SAGA:c8d5b082-1fe3-4ede-b566-562c83fa5cc0] Processing order 25 with 1 items
[2026-05-11 16:37:52,064] INFO - [SAGA:c8d5b082-1fe3-4ede-b566-562c83fa5cc0] Stock reserved successfully for order 25
[2026-05-11 16:37:52,066] INFO - [SAGA:c8d5b082-1fe3-4ede-b566-562c83fa5cc0] Already processed, skipping (idempotent)
[2026-05-11 16:37:52,175] INFO - [SAGA:c8d5b082-1fe3-4ede-b566-562c83fa5cc0] Published inventory.reserved
[2026-05-11 16:39:03,396] INFO - [SAGA:9914ed29-90c4-4c35-b369-e83d20970fac] Processing order 26 with 1 items
[2026-05-11 16:39:03,403] INFO - [SAGA:9914ed29-90c4-4c35-b369-e83d20970fac] Decremented stock for producto 9 (ProductoConFallo): 4 -> 3 (qty 1)
[2026-05-11 16:39:03,403] INFO - [SAGA:9914ed29-90c4-4c35-b369-e83d20970fac] Processing order 26 with 1 items
[2026-05-11 16:39:03,407] WARNING - [SAGA:9914ed29-90c4-4c35-b369-e83d20970fac] FAILURE INJECTION TRIGGERED for product 9
[2026-05-11 16:39:03,408] WARNING - [SAGA:9914ed29-90c4-4c35-b369-e83d20970fac] RESERVE FAILED for order 26. Issues: [{'id': 9, 'reason': 'testing_failure_injection', 'quantity_requested': 1}]
[2026-05-11 16:39:03,411] INFO - [SAGA:9914ed29-90c4-4c35-b369-e83d20970fac] Stock reserved successfully for order 26
[2026-05-11 16:39:03,516] INFO - [SAGA:9914ed29-90c4-4c35-b369-e83d20970fac] Published inventory.reserve_failed
[2026-05-11 16:39:03,522] INFO - [SAGA:9914ed29-90c4-4c35-b369-e83d20970fac] Published inventory.reserved
[2026-05-11 16:49:22,963] INFO - Connecting to RabbitMQ...
[2026-05-11 16:49:23,018] INFO - Declaring queue: order.created
[2026-05-11 16:49:23,027] INFO - ✅ Inventory consumer started, waiting for messages...
[2026-05-11 16:49:40,791] INFO - [SAGA:efca6602-8dd5-460f-b6cc-358d5d8b9317] Processing order 27 with 1 items
[2026-05-11 16:49:40,795] INFO - [SAGA:efca6602-8dd5-460f-b6cc-358d5d8b9317] Decremented stock for producto 1 (celular samsung a51): 2 -> 1 (qty 1)
[2026-05-11 16:49:40,799] INFO - [SAGA:efca6602-8dd5-460f-b6cc-358d5d8b9317] Processing order 27 with 1 items
[2026-05-11 16:49:40,804] INFO - [SAGA:efca6602-8dd5-460f-b6cc-358d5d8b9317] Stock reserved successfully for order 27
[2026-05-11 16:49:40,807] INFO - [SAGA:efca6602-8dd5-460f-b6cc-358d5d8b9317] Already processed, skipping (idempotent)
[2026-05-11 16:49:40,919] INFO - [SAGA:efca6602-8dd5-460f-b6cc-358d5d8b9317] Published inventory.reserved
[2026-05-11 16:55:12,607] INFO - [SAGA:729e3fdf-d17a-4181-9462-f3700aa0c8cb] Processing order 28 with 1 items
[2026-05-11 16:55:12,611] INFO - [SAGA:729e3fdf-d17a-4181-9462-f3700aa0c8cb] Decremented stock for producto 1 (celular samsung a51): 1 -> 0 (qty 1)
[2026-05-11 16:55:12,614] WARNING - [SAGA:729e3fdf-d17a-4181-9462-f3700aa0c8cb] FAILURE INJECTION TRIGGERED for product 1
[2026-05-11 16:55:12,614] WARNING - [SAGA:729e3fdf-d17a-4181-9462-f3700aa0c8cb] RESERVE FAILED for order 28. Issues: [{'id': 1, 'reason': 'testing_failure_injection', 'quantity_requested': 1}]
[2026-05-11 16:55:12,619] INFO - [SAGA:729e3fdf-d17a-4181-9462-f3700aa0c8cb] Stock reserved successfully for order 28
[2026-05-11 16:55:12,724] INFO - [SAGA:729e3fdf-d17a-4181-9462-f3700aa0c8cb] Published inventory.reserve_failed
[2026-05-11 16:55:12,729] INFO - [SAGA:729e3fdf-d17a-4181-9462-f3700aa0c8cb] Published inventory.reserved
[2026-05-11 17:00:09,983] INFO - Connecting to RabbitMQ...
[2026-05-11 17:00:10,039] INFO - Declaring queue: order.created
[2026-05-11 17:00:10,048] INFO - ✅ Inventory consumer started, waiting for messages...
[2026-05-11 17:00:33,416] INFO - [SAGA:432b70ab-d162-4eab-b0ff-fc08e1f913f3] Processing order 29 with 1 items
[2026-05-11 17:00:33,420] INFO - [SAGA:432b70ab-d162-4eab-b0ff-fc08e1f913f3] Decremented stock for producto 10 (ProductoReserva): 3 -> 2 (qty 1)
[2026-05-11 17:00:33,424] INFO - [SAGA:432b70ab-d162-4eab-b0ff-fc08e1f913f3] Processing order 29 with 1 items
[2026-05-11 17:00:33,429] INFO - [SAGA:432b70ab-d162-4eab-b0ff-fc08e1f913f3] Decremented stock for producto 10 (ProductoReserva): 3 -> 2 (qty 1)
[2026-05-11 17:00:33,430] INFO - [SAGA:432b70ab-d162-4eab-b0ff-fc08e1f913f3] Stock reserved successfully for order 29
[2026-05-11 17:00:33,435] INFO - [SAGA:432b70ab-d162-4eab-b0ff-fc08e1f913f3] Stock reserved successfully for order 29
[2026-05-11 17:00:33,533] INFO - [SAGA:432b70ab-d162-4eab-b0ff-fc08e1f913f3] Published inventory.reserved
[2026-05-11 17:00:33,539] INFO - [SAGA:432b70ab-d162-4eab-b0ff-fc08e1f913f3] Published inventory.reserved
[2026-05-11 17:03:06,546] INFO - [SAGA:test-release-saga] Processing order 999 with 1 items
[2026-05-11 17:03:06,558] INFO - [SAGA:test-release-saga] Decremented stock for producto 10 (ProductoReserva): 2 -> 1 (qty 1)
[2026-05-11 17:03:06,567] INFO - [SAGA:test-release-saga] Stock reserved successfully for order 999
[2026-05-11 17:03:06,674] INFO - [SAGA:test-release-saga] Published inventory.reserved
[2026-05-11 17:20:40,343] INFO - Connecting to RabbitMQ...
[2026-05-11 17:20:40,403] INFO - Declaring queue: order.created
[2026-05-11 17:20:40,414] INFO - ✅ Inventory consumer started, waiting for messages...
[2026-05-11 17:21:16,936] INFO - [SAGA:a950e1bd-1ede-4d88-84fc-4f3052730c23] Processing order 30 with 1 items
[2026-05-11 17:21:16,940] INFO - [SAGA:a950e1bd-1ede-4d88-84fc-4f3052730c23] Processing order 30 with 1 items
[2026-05-11 17:21:16,950] WARNING - [SAGA:a950e1bd-1ede-4d88-84fc-4f3052730c23] FAILURE INJECTION TRIGGERED for product 9
[2026-05-11 17:21:16,950] WARNING - [SAGA:a950e1bd-1ede-4d88-84fc-4f3052730c23] RESERVE FAILED for order 30. Issues: [{'id': 9, 'reason': 'testing_failure_injection', 'quantity_requested': 1}]
[2026-05-11 17:21:16,959] WARNING - [SAGA:a950e1bd-1ede-4d88-84fc-4f3052730c23] FAILURE INJECTION TRIGGERED for product 9
[2026-05-11 17:21:16,959] WARNING - [SAGA:a950e1bd-1ede-4d88-84fc-4f3052730c23] RESERVE FAILED for order 30. Issues: [{'id': 9, 'reason': 'testing_failure_injection', 'quantity_requested': 1}]
[2026-05-11 17:21:17,055] INFO - [SAGA:a950e1bd-1ede-4d88-84fc-4f3052730c23] Published inventory.reserve_failed
[2026-05-11 17:21:17,073] INFO - [SAGA:a950e1bd-1ede-4d88-84fc-4f3052730c23] Published inventory.reserve_failed
[2026-05-11 19:24:20,320] INFO - Connecting to RabbitMQ...
[2026-05-11 19:24:20,393] INFO - Declaring queue: order.created
[2026-05-11 19:24:20,435] INFO - ✅ Inventory consumer started, waiting for messages...
[2026-05-11 19:44:20,233] INFO - Connecting to RabbitMQ...
[2026-05-11 19:44:20,299] INFO - Declaring queue: order.created
[2026-05-11 19:44:20,306] INFO - ✅ Inventory consumer started, waiting for messages...
[2026-05-11 19:47:37,414] INFO - [SAGA:7389a113-e22e-470c-b00d-f188e5c4290c] Processing order 3 with 1 items
[2026-05-11 19:47:37,428] INFO - [SAGA:7389a113-e22e-470c-b00d-f188e5c4290c] Decremented stock for producto 1 (Smart TV LG 49'): 20 -> 19 (qty 1)
[2026-05-11 19:47:37,443] INFO - [SAGA:7389a113-e22e-470c-b00d-f188e5c4290c] Stock reserved successfully for order 3
[2026-05-11 19:47:37,606] INFO - [SAGA:7389a113-e22e-470c-b00d-f188e5c4290c] Published inventory.reserved
[2026-05-11 19:47:37,608] INFO - [SAGA:47e9f020-6036-4850-b4ec-c68168068353] Processing order 4 with 1 items
[2026-05-11 19:47:37,611] WARNING - [SAGA:47e9f020-6036-4850-b4ec-c68168068353] FAILURE INJECTION TRIGGERED for product 2
[2026-05-11 19:47:37,611] WARNING - [SAGA:47e9f020-6036-4850-b4ec-c68168068353] RESERVE FAILED for order 4. Issues: [{'id': 2, 'reason': 'testing_failure_injection', 'quantity_requested': 1}]
[2026-05-11 19:47:37,740] INFO - [SAGA:47e9f020-6036-4850-b4ec-c68168068353] Published inventory.reserve_failed
[2026-05-11 19:48:36,019] INFO - [SAGA:769e7d88-1841-4cec-b754-0ee5b2efd254] Processing order 5 with 1 items
[2026-05-11 19:48:36,022] WARNING - [SAGA:769e7d88-1841-4cec-b754-0ee5b2efd254] FAILURE INJECTION TRIGGERED for product 2
[2026-05-11 19:48:36,022] WARNING - [SAGA:769e7d88-1841-4cec-b754-0ee5b2efd254] RESERVE FAILED for order 5. Issues: [{'id': 2, 'reason': 'testing_failure_injection', 'quantity_requested': 1}]
[2026-05-11 19:48:36,140] INFO - [SAGA:769e7d88-1841-4cec-b754-0ee5b2efd254] Published inventory.reserve_failed
[2026-05-11 19:49:56,578] INFO - [SAGA:64fe1203-1f49-4ebe-a791-8eef703465c3] Processing order 6 with 1 items
[2026-05-11 19:49:56,582] INFO - [SAGA:64fe1203-1f49-4ebe-a791-8eef703465c3] Decremented stock for producto 1 (Smart TV LG 49'): 19 -> 18 (qty 1)
[2026-05-11 19:49:56,587] INFO - [SAGA:64fe1203-1f49-4ebe-a791-8eef703465c3] Stock reserved successfully for order 6
[2026-05-11 19:49:56,728] INFO - [SAGA:64fe1203-1f49-4ebe-a791-8eef703465c3] Published inventory.reserved
[2026-05-11 19:50:21,891] INFO - [SAGA:0e8a5d7b-1b35-4023-9d4e-4764d79f5bff] Processing order 7 with 1 items
[2026-05-11 19:50:21,895] WARNING - [SAGA:0e8a5d7b-1b35-4023-9d4e-4764d79f5bff] FAILURE INJECTION TRIGGERED for product 2
[2026-05-11 19:50:21,896] WARNING - [SAGA:0e8a5d7b-1b35-4023-9d4e-4764d79f5bff] RESERVE FAILED for order 7. Issues: [{'id': 2, 'reason': 'testing_failure_injection', 'quantity_requested': 1}]
[2026-05-11 19:50:22,060] INFO - [SAGA:0e8a5d7b-1b35-4023-9d4e-4764d79f5bff] Published inventory.reserve_failed
[2026-05-11 20:04:20,208] INFO - [SAGA:757ddc5f-39cb-4de9-96e3-9c4dcc599bcd] Processing order 8 with 1 items
[2026-05-11 20:04:20,212] INFO - [SAGA:757ddc5f-39cb-4de9-96e3-9c4dcc599bcd] Decremented stock for producto 1 (Smart TV LG 49'): 18 -> 17 (qty 1)
[2026-05-11 20:04:20,216] INFO - [SAGA:757ddc5f-39cb-4de9-96e3-9c4dcc599bcd] Stock reserved successfully for order 8
[2026-05-11 20:04:20,331] INFO - [SAGA:757ddc5f-39cb-4de9-96e3-9c4dcc599bcd] Published inventory.reserved
[2026-05-11 20:05:14,639] INFO - [SAGA:daa2adc5-c499-4d12-ab57-395d790c0f79] Processing order 9 with 1 items
[2026-05-11 20:05:14,643] WARNING - [SAGA:daa2adc5-c499-4d12-ab57-395d790c0f79] FAILURE INJECTION TRIGGERED for product 2
[2026-05-11 20:05:14,643] WARNING - [SAGA:daa2adc5-c499-4d12-ab57-395d790c0f79] RESERVE FAILED for order 9. Issues: [{'id': 2, 'reason': 'testing_failure_injection', 'quantity_requested': 1}]
[2026-05-11 20:05:14,757] INFO - [SAGA:daa2adc5-c499-4d12-ab57-395d790c0f79] Published inventory.reserve_failed
[2026-05-11 20:10:45,972] ERROR - Consumer error: (320, "CONNECTION_FORCED - broker forced connection closure with reason 'shutdown'")
Traceback (most recent call last):
  File "C:\Users\Usuario\Documents\Tecnologias de Construccion de software\tienda-microservicios\services\productos\inventory_consumer.py", line 174, in run
    channel.start_consuming()
    ~~~~~~~~~~~~~~~~~~~~~~~^^
  File "C:\Users\Usuario\Documents\Tecnologias de Construccion de software\tienda-microservicios\services\productos\prducts_env\Lib\site-packages\pika\adapters\blocking_connection.py", line 1979, in start_consuming
    self._process_data_events(time_limit=None)
    ~~~~~~~~~~~~~~~~~~~~~~~~~^^^^^^^^^^^^^^^^^
  File "C:\Users\Usuario\Documents\Tecnologias de Construccion de software\tienda-microservicios\services\productos\prducts_env\Lib\site-packages\pika\adapters\blocking_connection.py", line 2147, in _process_data_events
    self.connection.process_data_events(time_limit=time_limit)
    ~~~~~~~~~~~~~~~~~~~~~~~~~~~~~~~~~~~^^^^^^^^^^^^^^^^^^^^^^^
  File "C:\Users\Usuario\Documents\Tecnologias de Construccion de software\tienda-microservicios\services\productos\prducts_env\Lib\site-packages\pika\adapters\blocking_connection.py", line 897, in process_data_events
    self._flush_output(common_terminator)
    ~~~~~~~~~~~~~~~~~~^^^^^^^^^^^^^^^^^^^
  File "C:\Users\Usuario\Documents\Tecnologias de Construccion de software\tienda-microservicios\services\productos\prducts_env\Lib\site-packages\pika\adapters\blocking_connection.py", line 551, in _flush_output
    raise self._closed_result.value.error
pika.exceptions.ConnectionClosedByBroker: (320, "CONNECTION_FORCED - broker forced connection closure with reason 'shutdown'")
